[  437033ms] [LOG] [vite] server connection lost. Polling for restart... @ http://localhost:4321/@vite/client:1726
[  737410ms] [LOG] [vite] server connection lost. Polling for restart... @ http://localhost:4321/@vite/client:1726
[ 1851270ms] [LOG] [vite] server connection lost. Polling for restart... @ http://localhost:4321/@vite/client:1726
[ 2046848ms] [LOG] [vite] server connection lost. Polling for restart... @ http://localhost:4321/@vite/client:1726
[ 2706122ms] [LOG] [vite] server connection lost. Polling for restart... @ http://localhost:4321/@vite/client:1726
[ 3122374ms] [LOG] [vite] server connection lost. Polling for restart... @ http://localhost:4321/@vite/client:1726
[ 3601794ms] [ERROR] [vite] SendBeforeConnectError: send was called before connect
    at Object.send (http://localhost:4321/@vite/client:384:15)
    at HMRClient.send (http://localhost:4321/@vite/client:161:18)
    at HMRContext.send (http://localhost:4321/@vite/client:123:18)
    at AstroDevToolbar.initApp (http://localhost:4321/node_modules/.vite/deps/toolbar-BJ5M0JdJ.js?v=32c88c7b:322:41) @ http://localhost:4321/@vite/client:1662
[ 3601795ms] [ERROR] [vite] SendBeforeConnectError: send was called before connect
    at Object.send (http://localhost:4321/@vite/client:384:15)
    at HMRClient.send (http://localhost:4321/@vite/client:161:18)
    at HMRContext.send (http://localhost:4321/@vite/client:123:18)
    at AstroDevToolbar.initApp (http://localhost:4321/node_modules/.vite/deps/toolbar-BJ5M0JdJ.js?v=32c88c7b:322:41) @ http://localhost:4321/@vite/client:1662
[ 3601795ms] [ERROR] [vite] SendBeforeConnectError: send was called before connect
    at Object.send (http://localhost:4321/@vite/client:384:15)
    at HMRClient.send (http://localhost:4321/@vite/client:161:18)
    at HMRContext.send (http://localhost:4321/@vite/client:123:18)
    at AstroDevToolbar.initApp (http://localhost:4321/node_modules/.vite/deps/toolbar-BJ5M0JdJ.js?v=32c88c7b:322:41) @ http://localhost:4321/@vite/client:1662
[ 3601795ms] [ERROR] [vite] SendBeforeConnectError: send was called before connect
    at Object.send (http://localhost:4321/@vite/client:384:15)
    at HMRClient.send (http://localhost:4321/@vite/client:161:18)
    at HMRContext.send (http://localhost:4321/@vite/client:123:18)
    at AstroDevToolbar.initApp (http://localhost:4321/node_modules/.vite/deps/toolbar-BJ5M0JdJ.js?v=32c88c7b:322:41) @ http://localhost:4321/@vite/client:1662
[ 3601889ms] [ERROR] [vite] SendBeforeConnectError: send was called before connect
    at Object.send (http://localhost:4321/@vite/client:384:15)
    at HMRClient.send (http://localhost:4321/@vite/client:161:18)
    at HMRContext.send (http://localhost:4321/@vite/client:123:18)
    at AstroDevToolbar.initApp (http://localhost:4321/node_modules/.vite/deps/toolbar-BJ5M0JdJ.js?v=32c88c7b:322:41) @ http://localhost:4321/@vite/client:1662
[ 4467479ms] [LOG] [vite] server connection lost. Polling for restart... @ http://localhost:4321/@vite/client:1726
[ 4517683ms] [LOG] [vite] server connection lost. Polling for restart... @ http://localhost:4321/@vite/client:1726
