[  711242ms] [LOG] [vite] server connection lost. Polling for restart... @ http://localhost:4321/@vite/client:1726
[ 1011610ms] [LOG] [vite] server connection lost. Polling for restart... @ http://localhost:4321/@vite/client:1726
[ 2125447ms] [LOG] [vite] server connection lost. Polling for restart... @ http://localhost:4321/@vite/client:1726
[ 2321041ms] [LOG] [vite] server connection lost. Polling for restart... @ http://localhost:4321/@vite/client:1726
[ 2980332ms] [LOG] [vite] server connection lost. Polling for restart... @ http://localhost:4321/@vite/client:1726
[ 3396583ms] [LOG] [vite] server connection lost. Polling for restart... @ http://localhost:4321/@vite/client:1726
[ 3876017ms] [ERROR] [vite] SendBeforeConnectError: send was called before connect
    at Object.send (http://localhost:4321/@vite/client:384:15)
    at HMRClient.send (http://localhost:4321/@vite/client:161:18)
    at HMRContext.send (http://localhost:4321/@vite/client:123:18)
    at AstroDevToolbar.initApp (http://localhost:4321/node_modules/.vite/deps/toolbar-BJ5M0JdJ.js?v=32c88c7b:322:41) @ http://localhost:4321/@vite/client:1662
[ 3876018ms] [ERROR] [vite] SendBeforeConnectError: send was called before connect
    at Object.send (http://localhost:4321/@vite/client:384:15)
    at HMRClient.send (http://localhost:4321/@vite/client:161:18)
    at HMRContext.send (http://localhost:4321/@vite/client:123:18)
    at AstroDevToolbar.initApp (http://localhost:4321/node_modules/.vite/deps/toolbar-BJ5M0JdJ.js?v=32c88c7b:322:41) @ http://localhost:4321/@vite/client:1662
[ 3876018ms] [ERROR] [vite] SendBeforeConnectError: send was called before connect
    at Object.send (http://localhost:4321/@vite/client:384:15)
    at HMRClient.send (http://localhost:4321/@vite/client:161:18)
    at HMRContext.send (http://localhost:4321/@vite/client:123:18)
    at AstroDevToolbar.initApp (http://localhost:4321/node_modules/.vite/deps/toolbar-BJ5M0JdJ.js?v=32c88c7b:322:41) @ http://localhost:4321/@vite/client:1662
[ 3876018ms] [ERROR] [vite] SendBeforeConnectError: send was called before connect
    at Object.send (http://localhost:4321/@vite/client:384:15)
    at HMRClient.send (http://localhost:4321/@vite/client:161:18)
    at HMRContext.send (http://localhost:4321/@vite/client:123:18)
    at AstroDevToolbar.initApp (http://localhost:4321/node_modules/.vite/deps/toolbar-BJ5M0JdJ.js?v=32c88c7b:322:41) @ http://localhost:4321/@vite/client:1662
[ 3876107ms] [ERROR] [vite] SendBeforeConnectError: send was called before connect
    at Object.send (http://localhost:4321/@vite/client:384:15)
    at HMRClient.send (http://localhost:4321/@vite/client:161:18)
    at HMRContext.send (http://localhost:4321/@vite/client:123:18)
    at AstroDevToolbar.initApp (http://localhost:4321/node_modules/.vite/deps/toolbar-BJ5M0JdJ.js?v=32c88c7b:322:41) @ http://localhost:4321/@vite/client:1662
[ 4741688ms] [LOG] [vite] server connection lost. Polling for restart... @ http://localhost:4321/@vite/client:1726
[ 4791893ms] [LOG] [vite] server connection lost. Polling for restart... @ http://localhost:4321/@vite/client:1726
